// Jest Snapshot v1, https://goo.gl/fbAQLP

exports[`GH 5996 [mariadb] check schema 1`] = `
"set names utf8mb4;

create table \`entity1\` (\`id\` tinyint unsigned not null auto_increment primary key) default character set utf8mb4 engine = InnoDB;

create table \`entity2\` (\`id\` smallint unsigned not null auto_increment primary key) default character set utf8mb4 engine = InnoDB;

create table \`entity3\` (\`id\` mediumint unsigned not null auto_increment primary key) default character set utf8mb4 engine = InnoDB;
"
`;

exports[`GH 5996 [mysql] check schema 1`] = `
"set names utf8mb4;

create table \`entity1\` (\`id\` tinyint unsigned not null auto_increment primary key) default character set utf8mb4 engine = InnoDB;

create table \`entity2\` (\`id\` smallint unsigned not null auto_increment primary key) default character set utf8mb4 engine = InnoDB;

create table \`entity3\` (\`id\` mediumint unsigned not null auto_increment primary key) default character set utf8mb4 engine = InnoDB;
"
`;
