// Vitest Snapshot v1, https://vitest.dev/guide/snapshot.html

exports[`small-date-time-type 1`] = `
[
  "import { defineEntity, p } from '@mikro-orm/core';

export class Test {
  id!: number;
  at?: Date;
  at2?: Date;
}

export const TestSchema = defineEntity({
  class: Test,
  properties: {
    id: p.integer().primary(),
    at: p.datetime().columnType('smalldatetime').nullable().defaultRaw(\`current_timestamp\`),
    at2: p.datetime().nullable().defaultRaw(\`current_timestamp\`),
  },
});
",
]
`;
