// Vitest Snapshot v1, https://vitest.dev/guide/snapshot.html

exports[`unknown-types 1`] = `
[
  "import { defineEntity, p } from '@mikro-orm/core';

export class Test {
  id!: bigint;
  poly?: unknown;
  r?: unknown;
}

export const TestSchema = defineEntity({
  class: Test,
  properties: {
    id: p.bigint().primary(),
    poly: p.unknown().columnType('polygon').nullable(),
    r: p.unknown().columnType('bit(8)').nullable().defaultRaw(\`b'1'\`),
  },
});
",
]
`;
