// Jest Snapshot v1, https://goo.gl/fbAQLP

exports[`native enums in postgres enum diffing: postgres-update-schema-enums-1 1`] = `
"create schema if not exists "different_schema";
create table "different_schema"."new_table" ("id" serial primary key, "enum_test" varchar(255) not null);
"
`;

exports[`native enums in postgres enum diffing: postgres-update-schema-enums-2 1`] = `
"create type "different_schema"."enum_test" as enum ('a', 'b');
alter table "different_schema"."new_table" alter column "enum_test" type "different_schema"."enum_test" using ("enum_test"::"different_schema"."enum_test");
"
`;

exports[`native enums in postgres enum diffing: postgres-update-schema-enums-3 1`] = `
"alter type "different_schema"."enum_test" add value if not exists 'c' after 'b';
"
`;

exports[`native enums in postgres enum diffing: postgres-update-schema-enums-4 1`] = `
"alter table "different_schema"."new_table" alter column "enum_test" type text using ("enum_test"::text);

drop type "different_schema"."enum_test";
"
`;

exports[`native enums in postgres generate schema from metadata [postgres]: postgres-create-schema-dump 1`] = `
"set names 'utf8';

create type "enum_entity_type" as enum ('local', 'global');
create type "enum_entity_type2" as enum ('LOCAL', 'GLOBAL');
create type "enum2" as enum ('1', '2');
create type "enum3" as enum ('1', '2', '3');
create type "enum4" as enum ('a', 'b', 'c');
create type "enum5" as enum ('a');
create table "enum_entity" ("id" serial primary key, "type" "enum_entity_type" not null default 'local', "type2" "enum_entity_type2" not null default 'LOCAL', "enum2" "enum2" null, "enum3" "enum3" null, "enum4" "enum4" null, "enum5" "enum5" null);
"
`;

exports[`native enums in postgres generate schema from metadata [postgres]: postgres-drop-schema-dump 1`] = `
"set names 'utf8';

drop table if exists "enum_entity" cascade;
drop type "enum2";
drop type "enum3";
drop type "enum4";
drop type "enum5";
drop type "enum_entity_type";
drop type "enum_entity_type2";
"
`;

exports[`native enums in postgres generate schema from metadata [postgres]: postgres-schema-dump 1`] = `
"set names 'utf8';

create type "enum_entity_type" as enum ('local', 'global');
create type "enum_entity_type2" as enum ('LOCAL', 'GLOBAL');
create type "enum2" as enum ('1', '2');
create type "enum3" as enum ('1', '2', '3');
create type "enum4" as enum ('a', 'b', 'c');
create type "enum5" as enum ('a');
create table "enum_entity" ("id" serial primary key, "type" "enum_entity_type" not null default 'local', "type2" "enum_entity_type2" not null default 'LOCAL', "enum2" "enum2" null, "enum3" "enum3" null, "enum4" "enum4" null, "enum5" "enum5" null);
"
`;

exports[`native enums in postgres generate schema from metadata [postgres]: postgres-update-schema-dump 1`] = `""`;
