// Vitest Snapshot v1, https://vitest.dev/guide/snapshot.html

exports[`entity generator 1`] = `
[
  "import { Collection, type Ref, defineEntity, p } from '@mikro-orm/core';
import { QuoteSettings } from './QuoteSettings';
import { UserGroup } from './UserGroup';

export class Org {
  id!: number;
  quoteSettings?: Ref<QuoteSettings>;
  userGroupCollection = new Collection<UserGroup>(this);
}

export const OrgSchema = defineEntity({
  class: Org,
  properties: {
    id: p.integer().primary(),
    quoteSettings: () => p.oneToOne(QuoteSettings).ref().mappedBy('org'),
    userGroupCollection: () => p.oneToMany(UserGroup).mappedBy('org'),
  },
});
",
  "import { type Ref, defineEntity, p } from '@mikro-orm/core';
import { Org } from './Org';
import { UserGroup } from './UserGroup';

export class QuoteSettings {
  id!: number;
  org!: Ref<Org>;
  userGroup?: Ref<UserGroup>;
}

export const QuoteSettingsSchema = defineEntity({
  class: QuoteSettings,
  properties: {
    id: p.integer().primary(),
    org: () => p.oneToOne(Org).ref().updateRule('cascade').deleteRule('cascade'),
    userGroup: () => p.oneToOne(UserGroup).ref().fieldNames('user_group_id','org_id').referencedColumnNames('id','org_id').updateRule('cascade').deleteRule('cascade').nullable().unique('quote_settings_user_group_id_key'),
  },
});
",
  "import { type Ref, defineEntity, p } from '@mikro-orm/core';
import { Org } from './Org';
import { QuoteSettings } from './QuoteSettings';

export class UserGroup {
  id!: number;
  org!: Ref<Org>;
  quoteSettings?: Ref<QuoteSettings>;
}

export const UserGroupSchema = defineEntity({
  class: UserGroup,
  uniques: [{ name: 'user_group_id_org_id_key', properties: ['id', 'org'] }],
  properties: {
    id: p.integer().primary(),
    org: () => p.manyToOne(Org).ref().updateRule('no action').deleteRule('no action'),
    quoteSettings: () => p.oneToOne(QuoteSettings).ref().mappedBy('userGroup'),
  },
});
",
]
`;
